// Jest Snapshot v1, https://goo.gl/fbAQLP

exports[`renders 1`] = `
<div
  className="makeStyles-container-1"
>
  <h5
    className="MuiTypography-root makeStyles-title-3 MuiTypography-h5"
  >
    Services offered
  </h5>
  <div
    className="makeStyles-cardContainer-4"
  >
    <ServiceCard
      title="Invoicing, Payment & Tax Prep"
    />
    <ServiceCard
      title="Network & Connect"
    />
    <ServiceCard
      title="Health Care Access"
    />
  </div>
  <p
    className="MuiTypography-root makeStyles-legalText-2 MuiTypography-body1"
  >
    Copyright © 2021
  </p>
</div>
`;
