// Jest Snapshot v1, https://goo.gl/fbAQLP

exports[`renders 1`] = `
<div
  className="makeStyles-container-1"
>
  <h5
    className="MuiTypography-root makeStyles-title-3 MuiTypography-h5"
  >
    Services offered
  </h5>
  <div
    className="makeStyles-cardContainer-4"
  >
    <div
      className="makeStyles-card-5"
    >
      1
    </div>
    <div
      className="makeStyles-card-5"
    >
      2
    </div>
    <div
      className="makeStyles-card-5"
    >
      3
    </div>
  </div>
  <p
    className="MuiTypography-root makeStyles-legalText-2 MuiTypography-body1"
  >
    Copyright © 2021
  </p>
</div>
`;
