// Jest Snapshot v1, https://goo.gl/fbAQLP

exports[`renders 1`] = `
<div
  className="makeStyles-container-1"
>
  <Partners />
  <p
    className="MuiTypography-root makeStyles-legalText-2 MuiTypography-body2"
  >
    Copyright © 2021. Designed by
     
    <a
      href="https://www.colab.coop/"
    >
      CoLab
    </a>
    , built by
     
    <a
      href="https://www.sassafras.coop/"
    >
      Sassafras
    </a>
    .
  </p>
</div>
`;
