// Jest Snapshot v1, https://goo.gl/fbAQLP

exports[`renders 1`] = `
<div
  className="makeStyles-container-1"
>
  <img
    alt=""
    className="makeStyles-icon-2"
    src="Icon"
  />
  <h6
    className="MuiTypography-root makeStyles-title-3 MuiTypography-subtitle1"
  >
    Title
  </h6>
  <p
    className="MuiTypography-root MuiTypography-body2"
  >
    Description
  </p>
</div>
`;
