// Jest Snapshot v1, https://goo.gl/fbAQLP

exports[`renders 1`] = `
<div
  className="makeStyles-container-1"
>
  <img
    alt="Woman brainstorming on whiteboard"
    src="hero.jpg"
  />
  <img
    alt="Guilded Logo"
    src="logo.svg"
  />
  <div>
    True empowerment for freelancers
  </div>
  <div>
    Guilded is a freelancer worker cooperative that focuses on the agency, decision-making and economic power of the freelancer. We offer invoicing, tax preparation, health care and advocacy support so that you can focus on doing what you do best. Scroll down to learn more.
  </div>
</div>
`;
