// Jest Snapshot v1, https://goo.gl/fbAQLP

exports[`renders 1`] = `
<div
  className="makeStyles-container-1"
>
  <Drawer
    handleClose={[Function]}
    handleOpen={[Function]}
    isOpen={true}
  />
  <main
    className="makeStyles-mainContainer-2"
  >
    <Hero />
    <Services />
  </main>
</div>
`;
