// Jest Snapshot v1, https://goo.gl/fbAQLP

exports[`renders 1`] = `
<div
  className="makeStyles-container-1"
>
  <p
    className="MuiTypography-root makeStyles-text-2 MuiTypography-body1"
  >
    Our Partners:
  </p>
  <a
    href="https://www.usworker.coop/"
  >
    <img
      alt="USFWC Logo"
      className="makeStyles-logo-3"
      src="logo-usfwc.png"
    />
  </a>
  <a
    href="https://www.smart.coop/"
  >
    <img
      alt="Smart Logo"
      className="makeStyles-logo-3"
      src="logo-smart.svg"
    />
  </a>
  <p
    className="MuiTypography-root makeStyles-text-2 MuiTypography-body1"
  >
    Funding From:
  </p>
  <a
    href="https://www.cciarts.org/"
  >
    <img
      alt="CCI Arts Logo"
      className="makeStyles-logo-3"
      src="logo-cci.svg"
    />
  </a>
</div>
`;
